<?xml version="1.0" encoding="UTF-8"?>
<dataset>
    <authority id="1" member_id="1" role="ARTIST" />
    <authority id="2" member_id="2" role="USER" />
    <authority id="3" member_id="3" role="ARTIST" />
    <authority id="4" member_id="4" role="ARTIST" />
    <authority id="5" member_id="5" role="ARTIST" />
    <authority id="6" member_id="6" role="ARTIST" />
    <authority id="7" member_id="7" role="ARTIST" />
    <authority id="8" member_id="8" role="USER" />
    <authority id="9" member_id="9" role="ARTIST" />
    <authority id="10" member_id="10" role="USER" />
    <authority id="11" member_id="11" role="ARTDELIVERY" />
    <authority id="12" member_id="12" role="ADMIN" />
    <authority id="13" member_id="13" role="USER" />
</dataset>
